当我连着手机充电的时候，启动模拟器调试，执行ADB指令时，报错。
C:\Users\gaojs>adb shell
error: more than one device and emulator
C:\Users\gaojs>adb install e:\good.apk
error: more than one device and emulator
碰到这种情况，首先要查一下，是不是真的有多个设备或模拟器。
C:\Users\gaojs>adb devices
List of devices attached
emulator-5554   device
4dfadcb86b00cf05        device
发现还真是多个设备，那就需要为ADB命令指定设备的序列号了。
C:\Users\gaojs>adb -s emulator-5554 shell
也就是如上所示，给命令加上-s的参数就可以了！
如果实际上只有一个设备或模拟器，并且查到有offline的状态；
那就说明是ADB本身的BUG所导致的，就需要用如下的方法处理下了：
C:\Users\gaojs>adb kill-server
C:\Users\gaojs>taskkill /f /im adb.exe
第一条命令是杀ADB的服务，第二条命令是杀ADB的进程！
如果第一条没有用，才考虑用第二条命令再试试看的！



按ctrl D回到dos



当使用wlan局域网和一个android device建立连接时，可以使用connect 192.168.1.xxx
取消连接是 disconnect 192.168.1.xxx，默认端口5555,异常请关注此端口。
能够connect就会使 adb devices出现192.168.1.xxx device和其他的device
进入adb方法如上。
